// Jest Snapshot v1, https://goo.gl/fbAQLP

exports[`Header component renders correctly 1`] = `
<div>
  <div
    class="container mx-auto"
  >
    <div
      class="h-50 flex flex-row items-center place-content-between mb-3"
    >
      <img
        class="w-55"
        src="/img/logo.png"
      />
      <button
        class="btn-primary md:w-26 md:h-13"
      >
        Войти
      </button>
    </div>
    <p
      class="invisible md:visible md:text-lg/5 md:font-normal  md:text-gray "
    >
      Онлайн-тренировки для занятий дома
    </p>
  </div>
</div>
`;
